
> react-typescript-starter@0.1.0 test
> react-scripts test --coverage

Browserslist: caniuse-lite is outdated. Please run:
  npx browserslist@latest --update-db
  Why you should do it regularly: https://github.com/browserslist/browserslist#browsers-data-updating
PASS src/nested.test.ts
  ● Console

    console.log
      {
        id: 1,
        name: 'Question 1',
        body: '',
        type: 'multiple_choice_question',
        options: [],
        expected: '',
        points: 1,
        published: false
      }

      at flatMap (src/nested.ts:250:21)
          at Array.flatMap (<anonymous>)

    console.log
      {
        id: 47,
        name: 'My New Question',
        body: '',
        type: 'multiple_choice_question',
        options: [],
        expected: '',
        points: 1,
        published: false
      }

      at flatMap (src/nested.ts:250:21)
          at Array.flatMap (<anonymous>)

    console.log
      {
        id: 3,
        name: 'Goats',
        body: 'How many goats are there usually on the Green?',
        type: 'multiple_choice_question',
        options: [ 'Zero, why would there be goats on the green?', '18420', 'Two' ],
        expected: 'Two',
        points: 10,
        published: false
      }

      at flatMap (src/nested.ts:250:21)
          at Array.flatMap (<anonymous>)

PASS src/arrays.test.ts
PASS src/objects.test.ts
PASS src/components/StartAttempt.test.tsx
PASS src/components/TwoDice.test.tsx
FAIL src/HtmlCss.test.tsx
  ● Some HTML Elements are added. › There is a header

    TestingLibraryElementError: Found multiple elements with the role "heading"

    Here are the matching elements:

    Ignored nodes: comments, <script />, <style />
    [36m<h1>[39m
      [0m New Header[0m
    [36m</h1>[39m

    Ignored nodes: comments, <script />, <style />
    [36m<h1>[39m
      [0mQuiz Application[0m
    [36m</h1>[39m

    Ignored nodes: comments, <script />, <style />
    [36m<h1>[39m
      [0mQuiz Attempt Manager[0m
    [36m</h1>[39m

    Ignored nodes: comments, <script />, <style />
    [36m<h1>[39m
      [0mTwo Dice Game[0m
    [36m</h1>[39m

    Ignored nodes: comments, <script />, <style />
    [36m<h1>[39m
      [0mQuiz Question Editor[0m
    [36m</h1>[39m

    Ignored nodes: comments, <script />, <style />
    [36m<h1>[39m
      [0mCycle Holidays[0m
    [36m</h1>[39m

    (If this is intentional, then use the `*AllBy*` variant of the query (like `queryAllByText`, `getAllByText`, or `findAllByText`)).

    Ignored nodes: comments, <script />, <style />
    [36m<body>[39m
      [36m<div>[39m
        [36m<div[39m
          [33mclass[39m=[32m"App"[39m
        [36m>[39m
          [36m<header[39m
            [33mclass[39m=[32m"App-header"[39m
          [36m>[39m
            [0mUD CISC275 with React Hooks and TypeScript Henry Grant[0m
          [36m</header>[39m
          [36m<h1>[39m
            [0m New Header[0m
          [36m</h1>[39m
          [36m<img[39m
            [33malt[39m=[32m"picture of berry blitz"[39m
            [33msrc[39m=[32m"img-berryblitz.jpeg"[39m
          [36m/>[39m
          [36m<p>[39m
            [0mEdit [0m
            [36m<code>[39m
              [0msrc/App.tsx[0m
            [36m</code>[39m
            [0m and save. This page will automatically reload.[0m
          [36m</p>[39m
          [36m<ul>[39m
            [36m<li>[39m
              [0mHi[0m
            [36m</li>[39m
            [36m<li>[39m
              [0mHello[0m
            [36m</li>[39m
            [36m<li>[39m
              [0mHows it goin[0m
            [36m</li>[39m
          [36m</ul>[39m
          [36m<div>[39m
            [36m<button[39m
              [33mclass[39m=[32m"btn btn-primary"[39m
              [33mtype[39m=[32m"button"[39m
            [36m>[39m
              [0mLog Hello World[0m
            [36m</button>[39m
          [36m</div>[39m
          [36m<div[39m
            [33mclass[39m=[32m"container"[39m
          [36m>[39m
            [36m<div[39m
              [33mclass[39m=[32m"row"[39m
            [36m>[39m
              [36m<div[39m
                [33mclass[39m=[32m"col"[39m
              [36m>[39m
                [36m<div[39m
                  [33mclass[39m=[32m"column"[39m
                [36m>[39m
                  [0mcolumn 1[0m
                [36m</div>[39m
              [36m</div>[39m
              [36m<div[39m
                [33mclass[39m=[32m"col"[39m
              [36m>[39m
                [36m<div[39m
                  [33mclass[39m=[32m"column"[39m
                [36m>[39m
                  [0mcolumn 2[0m
                [36m</div>[39m
              [36m</div>[39m
            [36m</div>[39m
          [36m</div>[39m
          [36m<p>[39m
            [0m Hello World[0m
          [36m</p>[39m
          [36m<hr />[39m
          [36m<span>[39m
            [36m<button[39m
              [33mclass[39m=[32m"btn btn-primary"[39m
              [33mtype[39m=[32m"button"[39m
            [36m>[39m
              [0mAdd One[0m
            [36m</button>[39m
            [0mto [0m
            [0m0[0m
            [0m.[0m
          [36m</span>[39m
          [36m<hr />[39m
          [36m<div>[39m
            [36m<h1>[39m
              [0mQuiz Application[0m
            [36m</h1>[39m
            [36m<p>[39m
              [0mThe answer is:[0m
            [36m</p>[39m
            [36m<button[39m
              [33mclass[39m=[32m"btn btn-primary"[39m
              [33mtype[39m=[32m"button"[39m
            [36m>[39m
              [0mReveal Answer[0m
            [36m</button>[39m
          [36m</div>[39m
          [36m<hr />[39m
          [36m<div>[39m
            [36m<h1>[39m
              [0mQuiz Attempt Manager[0m
            [36m</h1>[39m
            [36m<p>[39m
              [0mAttempts Left: [0m
              [0m4[0m
            [36m</p>[39m
            [36m<p>[39m
              [0mQuiz Not In Progress[0m
            [36m</p>[39m
            [36m<button[39m
              [33mclass[39m=[32m"btn btn-primary"[39m
              [33mtype[39m=[32m"button"[39m
            [36m>[39m
              [0mStart Quiz[0m
            [36m</button>[39m
            [36m<button[39m
              [33mclass[39m=[32m"btn btn-primary"[39m
              [33mdisabled[39m=[32m""[39m
              [33mtype[39m=[32m"button"[39m
            [36m>[39m
              [0mStop Quiz[0m
            [36m</button>[39m
            [36m<button[39m
              [33mclass[39m=[32m"btn btn-primary"[39m
              [33mtype[39m=[32m"button"[39m
            [36m>[39m
              [0mMulligan[0m
            [36m</button>[39m
          [36m</div>[39m
          [36m<hr />[39m
          [36m<div>[39m
            [36m<h1>[39m
              [0mTwo Dice Game[0m
            [36m</h1>[39m
            [36m<div>[39m
              [36m<span[39m
                [33mdata-testid[39m=[32m"left-die"[39m
              [36m>[39m
                [0m7[0m
              [36m</span>[39m
              [36m<button[39m
                [33mclass[39m=[32m"btn btn-primary"[39m
                [33mdata-testid[39m=[32m"roll-left"[39m
                [33mtype[39m=[32m"button"[39m
              [36m>[39m
                [0mRoll Left[0m
              [36m</button>[39m
            [36m</div>[39m
            [36m<div>[39m
              [36m<span[39m
                [33mdata-testid[39m=[32m"right-die"[39m
              [36m>[39m
                [0m8[0m
              [36m</span>[39m
              [36m<button[39m
                [33mclass[39m=[32m"btn btn-primary"[39m
                [33mdata-testid[39m=[32m"roll-right"[39m
                [33mtype[39m=[32m"button"[39m
              [36m>[39m
                [0mRoll Right[0m
              [36m</button>[39m
            [36m</div>[39m
            [0m[0m
          [36m</div>[39m
          [36m<hr />[39m
          [36m<div>[39m
            [36m<h1>[39m
              [0mQuiz Question Editor[0m
            [36m</h1>[39m
            [36m<p>[39m
              [0mThe type is:[0m
            [36m</p>[39m
            [36m<p>[39m
              [0mShort Answer[0m
            [36m</p>[39m
            [36m<button[39m
              [33mclass[39m=[32m"btn btn-primary"[39m
              [33mtype[39m=[32m"button"[39m
            [36m>[39m
              [0mChange Type[0m
            [36m</button>[39m
          [36m</div>[39m
          [36m<hr />[39m
          [36m<div>[39m
            [36m<h1>[39m
              [0mCycle Holidays[0m
            [36m</h1>[39m
            [36m<p>[39m
              [0mHoliday: [0m
              [0m🎏[0m
            [36m</p>[39m
            [36m<button[39m
              [33mclass[39m=[32m"btn btn-primary"[39m
              [33mtype[39m=[32m"button"[39m
            [36m>[39m
              [0mAdvance by Alphabet[0m
            [36m</button>[39m
            [36m<button[39m
              [33mclass[39m=[32m"btn btn-primary"[39m
              [33mtype[39m=[32m"button"[39m
            [36m>[39m
              [0mAdvance by Year[0m
            [36m</button>[39m
          [36m</div>[39m
        [36m</div>[39m
      [36m</div>[39m
    [36m</body>[39m

       7 |     test("There is a header", () => {
       8 |         render(<App />);
    >  9 |         const header = screen.getByRole("heading");
         |                               ^
      10 |         expect(header).toBeInTheDocument();
      11 |     });
      12 |

      at Object.getElementError (node_modules/@testing-library/dom/dist/config.js:38:19)
      at getElementError (node_modules/@testing-library/dom/dist/query-helpers.js:25:35)
      at getMultipleElementsFoundError (node_modules/@testing-library/dom/dist/query-helpers.js:29:10)
      at node_modules/@testing-library/dom/dist/query-helpers.js:66:13
      at getByRole (node_modules/@testing-library/dom/dist/query-helpers.js:111:19)
      at Object.<anonymous> (src/HtmlCss.test.tsx:9:31)

PASS src/functions.test.ts
PASS src/components/ChangeType.test.tsx
PASS src/components/CycleHoliday.test.tsx
PASS src/components/Counter.test.tsx
PASS src/components/RevealAnswer.test.tsx
PASS src/text.test.tsx
PASS src/App.test.tsx
-------------------|---------|----------|---------|---------|-------------------
File               | % Stmts | % Branch | % Funcs | % Lines | Uncovered Line #s 
-------------------|---------|----------|---------|---------|-------------------
All files          |   98.59 |    93.54 |     100 |    98.5 |                   
 src               |    98.7 |    94.02 |     100 |   98.59 |                   
  App.tsx          |     100 |      100 |     100 |     100 |                   
  arrays.ts        |     100 |      100 |     100 |     100 |                   
  functions.ts     |     100 |      100 |     100 |     100 |                   
  nested.ts        |     100 |    95.65 |     100 |     100 | 212               
  objects.ts       |   94.28 |    78.57 |     100 |   94.28 | 38,53             
 src/components    |    98.3 |     92.3 |     100 |    98.3 |                   
  ChangeType.tsx   |     100 |      100 |     100 |     100 |                   
  Counter.tsx      |     100 |      100 |     100 |     100 |                   
  CycleHoliday.tsx |   94.44 |    83.33 |     100 |   94.44 | 68                
  RevealAnswer.tsx |     100 |      100 |     100 |     100 |                   
  StartAttempt.tsx |     100 |    83.33 |     100 |     100 | 9                 
  TwoDice.tsx      |     100 |      100 |     100 |     100 |                   
 src/interfaces    |       0 |        0 |       0 |       0 |                   
  answer.ts        |       0 |        0 |       0 |       0 |                   
  question.ts      |       0 |        0 |       0 |       0 |                   
-------------------|---------|----------|---------|---------|-------------------

Test Suites: 1 failed, 12 passed, 13 total
Tests:       1 failed, 100 passed, 101 total
Snapshots:   0 total
Time:        10.219 s
Ran all test suites.
